1) 引用捕获: 1 2 3 | 外面看 n = 3
2) 两个闭包共享同一变量: 3
3) 闭包当参数: 42
4) 工厂: 30 70
5) while 体局部变量: 0 100 200
6) 数值 for 循环变量: 1 2 3
7) 通用 for 两个变量: 110 220 330
8) continue/break 后仍然正确: 0 4
9) 命名闭包递归 5! = 120
10) 三层嵌套 = 6
11) 逃逸后各自独立: 11 12 101 13
12) type = func | str = <func #15> | 同一性: true false
13) 表字段调用: 30
14) 括号调用: 30
15) 嵌套声明捕获: 10
16) 闭包内 try/catch: caught:炸
17) 多返回值: 7 8
18) 调用非函数 -> 试图调用一个不是函数的值（type = int）
19) 调用 null -> 试图调用一个不是函数的值（type = null）
20) os 仍然可用: true
21) 循环闭包改外层变量: 6 （应为 6：外层共享 + 每个闭包自己的 tag）
22) 数值 for 同样: 6 （应为 6）
23) do-while 同样: 6 （应为 6）
