── 1) 解码：各种类型 ──
name = Ae | version = 2 | pi = 3.14
ok = true | none = null | tags = {a, b, c}
nested.deep[2] = 2
类型检查: int float bool table
── 2) 转义与 Unicode ──
解码结果 = tab:	 换行:
 引号:" 反斜杠:\ 中文:中文
往返一致 = true
── 3) 编码：紧凑与美化 ──
紧凑 = {"name":"Ae","nested":{"on":true},"tags":["x","y"],"version":2}
美化 =
{
  "name": "Ae",
  "nested": {
    "on": true
  },
  "tags": [
    "x",
    "y"
  ],
  "version": 2
}
缩进 4 =
{
    "name": "Ae",
    "nested": {
        "on": true
    },
    "tags": [
        "x",
        "y"
    ],
    "version": 2
}
── 4) 数组与对象混用 + 数字格式 ──
[1,2,3]
[]
[1.5,0.30000000000000004,3000000000,-7]
空表编码 = []
── 5) 错误处理（用 try/catch 包 decode）──
  第 1 个被拒绝: json 解析失败（第 6 个字符处）：这里应该是一个数字
  第 2 个被拒绝: json 解析失败（第 6 个字符处）：键后面需要 ':'
  第 3 个被拒绝: json 解析失败（第 5 个字符处）：数组里期望 ',' 或 ']'
  第 4 个被拒绝: json 解析失败（第 1 个字符处）：期望 'true'，实际是 'tru'
  第 5 个被拒绝: json 解析失败（第 5 个字符处）：字符串没有闭合的引号
  第 6 个被拒绝: json 解析失败（第 8 个字符处）：数组里出现 null —— Ae 的表无法区分 null 与空洞，请改用字符串 "null" 或对象表示
── 6) 文件往返（模块里调用 io 库）──
写入 = true
读回 title = 配置文件 | nums[3] = 30 | ratio = 0.25
深相等 = true
清理 = true
── 7) 中文与 emoji 往返 ──
编码 = {"mark":"★","msg":"你好，世界！"}
往返 = true
── 8) 嵌套数组 ──
m[2][2][1] = 4 | 重新编码 = [[1,2],[3,[4,5]]]
