1) 首次: full = true | 重画 = 23 个 | 跳过 = 0 | 块 = 1
2) 改 1 个图形: 待重画 = 1 块 46 x 36 | 待整面 = false | 还没画 = true
3) 重画后: full = false | 重画 = 2 个 | 跳过 = 21 个 | 重画次数只 +1 = true
4) 像素真的变了 = true | 别处没动 = true
5) 没有改动就不重画 = true
6) 挪一个图形: 重画 = 5 个 | 旧位置空了 = true | 新位置有 = true | 重画区 = 96 x 86
7) 改被盖住的下层: 重画 = 10 个（上层也要画） | 重叠处还是上层 = true | 露出来的地方变了 = true
8. 1 )  改颜色 : 脏画 vs 整画 不同像素 = 0
8. 2 )  挪图形 : 脏画 vs 整画 不同像素 = 0
8. 3 )  转图形 : 脏画 vs 整画 不同像素 = 0
8. 4 )  隐藏显示 : 脏画 vs 整画 不同像素 = 0
8. 5 )  改组位置 : 脏画 vs 整画 不同像素 = 0
8. 6 )  改 z : 脏画 vs 整画 不同像素 = 0
8. 7 )  改裁剪 : 脏画 vs 整画 不同像素 = 0
8. 8 )  加图形 : 脏画 vs 整画 不同像素 = 0
8. 9 )  删图形 : 脏画 vs 整画 不同像素 = 0
8. 10 )  缩放 : 脏画 vs 整画 不同像素 = 0
9) 十轮改动里画错的轮数 = 0
10) 画布贴上去 = true
11) 只动画布里的小圆: 画布重画 2 个（+1 次 = true ）| 窗口重画 4 个 | 画布区 = 22 x 22 | 窗口区 = 13 x 13
12) 窗口上跟着变了 = true | 画布自己也变了 = true
13) ui.redraw 之后是整面待重画 = true | 块 = 0
14) 收尾: 窗口数 = 1 | lastError = null
