kind = text | text = Hello 世界 | size = 16
默认 font = Microsoft YaHei UI | 实际用上 = Microsoft YaHei UI
默认 color = #000000 | align = left | valign = top | bold = false
textSize 为正 = true | 值 = 77 20
props 的 tw/th 与 textSize 一致 = true
字号 16→32 后更宽 = true | 更高 = true | 154 41
普通文字框内有墨迹 = true | 墨迹像素 = 537
块字符框 = 23 x 41
左上对齐时框中心有墨 = true | 框外没墨 = true
改绿色后框中心变绿 = true | 红色没了 = true
字号 32→48 更高 = true | 41 → 61 | 原框中心仍有墨 = true
左对齐：框心(120+w/2)有墨 = true | 靠右端(120+w-3)也有墨 = true
改居中：新框心(x=120)有墨 = true | 靠右端已空 = true
改右对齐：框心(120-w/2)有墨 = true
恢复左对齐：框心(120+w/2)又有墨 = true
改垂直居中：框心(y=70)有墨 = true | 靠下端(70+h-3)已空 = true
改底对齐：框心(70-h/2)有墨 = true
恢复上对齐：框心又有墨 = true
两行的框 ≈ 一行两倍高 = true | 41 → 81
第一行有墨 = true | 第二行也有墨 = true
bold = true | 粗体墨更多 = true | 72 → 97
italic = true | 斜粗体仍有墨 = true
bold+italic 后更宽或相等 = true | 70 → 74
设为 Consolas → fontUsed = Consolas
不存在的字体 → fontUsed = Microsoft YaHei UI | 仍然画得出来 = true
文字在方块上面 = true
文字 z 改到方块下面 = true | 露出方块 = true
隐藏文字后只剩方块 = true
量另一段内容更宽 = true | 14 → 57
纯中文画出来了 = true | 墨迹 = 29 | 框 80 25
中英混排画出来了 = true | 框 67 25
全角标点画出来了 = true | 框 60 25
英文画出来了（对照）= true
[-] ui.set：'color' 只有文字有（文字用 ui.text 创建）；可用：x y w h r rx ry rtl rtr rbr rbl x2 y2 stroke z strokeColor fillColor fill closed visible aa fillColor2 hits cursor angle scale anchorX anchorY anchorAuto clipX clipY clipW clipH gradient gradientAngle dash cap join points cmds kind win（后两个只读，kind 是图形种类名）
[-] ui.set：文字没有 'fill' 属性（文字的大小由字体和内容决定，用 textSize 查）；文字可用：text font size wrap lineGap trim bold italic color align valign（外加通用的 x y z visible aa hits cursor clipX clipY clipW clipH）
[-] ui.set：文字没有 'stroke' 属性（文字的大小由字体和内容决定，用 textSize 查）；文字可用：text font size wrap lineGap trim bold italic color align valign（外加通用的 x y z visible aa hits cursor clipX clipY clipW clipH）
[-] ui.set 的 align 只认 left/center/right，得到 'middle'
[-] ui.set 设置 size 需要数值（第 3 个参数）
[-] ui.set 设置 text 需要字符串
[-] ui.textSize：只有文字有尺寸可量（当前是 rect）
[-] ui.setAll：文字没有 'fill' 属性（文字的大小由字体和内容决定，用 textSize 查）；文字可用：text font size wrap lineGap trim bold italic color align valign（外加通用的 x y z visible aa hits cursor clipX clipY clipW clipH）
[-] ui.setAll：'size' 只有文字有（文字用 ui.text 创建）；可用：x y w h r rx ry rtl rtr rbr rbl x2 y2 stroke z strokeColor fillColor fill closed visible aa fillColor2 hits cursor angle scale anchorX anchorY anchorAuto clipX clipY clipW clipH gradient gradientAngle dash cap join points cmds kind win（后两个只读，kind 是图形种类名）
shapes 里现在是 3 个对象
count = 1 | lastError = null
